// Jest Snapshot v1, https://goo.gl/fbAQLP

exports[`@atlaskit comments SubtleLink should render a span and a button 1`] = `
<span
  onClick={[Function]}
  onFocus={[Function]}
  onMouseOver={[Function]}
>
  <WithAnalyticsContext
    analyticsContext={
      Object {
        "component": "comment-action",
        "package": "@atlaskit/comment",
        "version": "2.7.2",
      }
    }
    appearance="subtle-link"
    spacing="none"
    type="button"
  >
    Like
  </WithAnalyticsContext>
</span>
`;
