// Jest Snapshot v1, https://goo.gl/fbAQLP

exports[`mention.ts Panel: Can insert mention using click 1`] = `
Object {
  "content": Array [
    Object {
      "attrs": Object {
        "panelType": "info",
      },
      "content": Array [
        Object {
          "content": Array [
            Object {
              "attrs": Object {
                "accessLevel": "",
                "id": "0",
                "text": "@Carolyn",
                "userType": null,
              },
              "type": "mention",
            },
            Object {
              "text": " ",
              "type": "text",
            },
          ],
          "type": "paragraph",
        },
      ],
      "type": "panel",
    },
  ],
  "type": "doc",
}
`;
