// Jest Snapshot v1, https://goo.gl/fbAQLP

exports[`Insert via quick insert 1`] = `
Object {
  "content": Array [
    Object {
      "attrs": Object {
        "panelType": "info",
      },
      "content": Array [
        Object {
          "content": Array [
            Object {
              "text": "this text should be in the panel",
              "type": "text",
            },
          ],
          "type": "paragraph",
        },
      ],
      "type": "panel",
    },
  ],
  "type": "doc",
}
`;
