// Jest Snapshot v1, https://goo.gl/fbAQLP

exports[`isOpen snapshot 1`] = `
<Drawer
  icon={[Function]}
  isOpen={false}
  onClose={[Function]}
  width="full"
>
  <styled.div>
    <Component
      isCurrentUser={true}
      onCancel={[Function]}
      onNext={[Function]}
      user={
        Object {
          "email": "catherine.hirons@acme.com",
          "fullName": "Catherine Hirons",
          "id": "chirons",
        }
      }
    />
    <Footer
      currentScreenIdx={0}
      numScreens={2}
      onCancel={[Function]}
      onNext={[Function]}
      onPrevious={[Function]}
      submitButton={
        <Button
          appearance="primary"
          onClick={[Function]}
        >
          <FormattedMessage
            defaultMessage="Delete account"
            description="Text that appears in a button, link or heading for the action of deleting an account"
            id="right-to-be-forgotten.delete-account"
            values={Object {}}
          />
        </Button>
      }
    />
  </styled.div>
</Drawer>
`;
