// Jest Snapshot v1, https://goo.gl/fbAQLP

exports[`EMOJI-3 Emoji: should render emoji inside 1`] = `
Object {
  "content": Array [
    Object {
      "attrs": Object {
        "language": null,
        "uniqueId": null,
      },
      "content": Array [
        Object {
          "text": ":smile:",
          "type": "text",
        },
      ],
      "type": "codeBlock",
    },
  ],
  "type": "doc",
}
`;

exports[`EMOJI-3 Emoji: should select emoji on 1`] = `
Object {
  "content": Array [
    Object {
      "content": Array [
        Object {
          "attrs": Object {
            "id": "1f609",
            "shortName": ":wink:",
            "text": "ðŸ˜‰",
          },
          "type": "emoji",
        },
        Object {
          "text": " ",
          "type": "text",
        },
      ],
      "type": "paragraph",
    },
  ],
  "type": "doc",
}
`;

exports[`EMOJI-3 Emoji: user can navigate typeahead using 1`] = `
Object {
  "content": Array [
    Object {
      "content": Array [
        Object {
          "attrs": Object {
            "id": "1f604",
            "shortName": ":smile:",
            "text": "ðŸ˜„",
          },
          "type": "emoji",
        },
        Object {
          "text": " ",
          "type": "text",
        },
      ],
      "type": "paragraph",
    },
  ],
  "type": "doc",
}
`;

exports[`Emoji: should render emoji inside action 1`] = `
Object {
  "content": Array [
    Object {
      "attrs": Object {
        "localId": "abc-123",
      },
      "content": Array [
        Object {
          "attrs": Object {
            "localId": "abc-123",
            "state": "TODO",
          },
          "content": Array [
            Object {
              "attrs": Object {
                "id": "1f604",
                "shortName": ":smile:",
                "text": "ðŸ˜„",
              },
              "type": "emoji",
            },
            Object {
              "text": " ",
              "type": "text",
            },
          ],
          "type": "taskItem",
        },
      ],
      "type": "taskList",
    },
  ],
  "type": "doc",
}
`;

exports[`Emoji: should render emoji inside codeblock 1`] = `
Object {
  "content": Array [
    Object {
      "attrs": Object {
        "language": null,
        "uniqueId": null,
      },
      "content": Array [
        Object {
          "text": ":smile:",
          "type": "text",
        },
      ],
      "type": "codeBlock",
    },
  ],
  "type": "doc",
}
`;

exports[`Emoji: should select emoji on return 1`] = `
Object {
  "content": Array [
    Object {
      "content": Array [
        Object {
          "attrs": Object {
            "id": "1f609",
            "shortName": ":wink:",
            "text": "ðŸ˜‰",
          },
          "type": "emoji",
        },
        Object {
          "text": " ",
          "type": "text",
        },
      ],
      "type": "paragraph",
    },
  ],
  "type": "doc",
}
`;

exports[`Emoji: user can navigate typeahead using keyboard 1`] = `
Object {
  "content": Array [
    Object {
      "content": Array [
        Object {
          "attrs": Object {
            "id": "1f604",
            "shortName": ":smile:",
            "text": "ðŸ˜„",
          },
          "type": "emoji",
        },
        Object {
          "text": " ",
          "type": "text",
        },
      ],
      "type": "paragraph",
    },
  ],
  "type": "doc",
}
`;
